src/features/subscription/BillingPage.tsx(1,10): error TS6133: 'useQuery' is declared but its value is never read.
